// Jest Snapshot v1, https://goo.gl/fbAQLP

exports[`Notifications component renders correctly 1`] = `
<div>
  <p>
    Notifications
  </p>
</div>
`;
