// Jest Snapshot v1, https://goo.gl/fbAQLP

exports[`LabeledFormInput component renders correctly 1`] = `
<div
  className="form-group"
>
  <label
    className=""
  />
  <input
    className="form-control"
    type="text"
  />
</div>
`;
